../Core/pcf857x_driver/pcf857x_driver_interface.c:37:9:pcf857x_interface_i2c_init	0	static
../Core/pcf857x_driver/pcf857x_driver_interface.c:52:9:pcf857x_interface_i2c_deinit	0	static
../Core/pcf857x_driver/pcf857x_driver_interface.c:114:6:pcf857x_interface_delay_ms	0	static
../Core/pcf857x_driver/pcf857x_driver_interface.c:127:6:pcf857x_interface_debug_print	280	static
../Core/pcf857x_driver/pcf857x_driver_interface.c:72:9:pcf857x_interface_i2c_read	8	static
../Core/pcf857x_driver/pcf857x_driver_interface.c:96:9:pcf857x_interface_i2c_write	8	static
