Microchip MPLAB XC8 Compiler V2.36

Linker command line:

-W-3 --edf=C:\Program Files\Microchip\xc8\v2.36\pic\dat\en_msgs.txt -cn \
  -h+dist/default/production\pcf857x_io_expander.X.production.sym \
  --cmf=dist/default/production\pcf857x_io_expander.X.production.cmf -z \
  -Q18LF46J13 -oC:\Users\cedricm\AppData\Local\Temp\xcAsk30.4 \
  --defsym=__MPLAB_BUILD=1 \
  -Mdist/default/production/pcf857x_io_expander.X.production.map \
  --md=C:\Users\cedricm\AppData\Local\Temp\xcAsk30.dat -E1 \
  -ver=XC8 Compiler --acfsm=1493 -ACODE=00h-0FFF7h -ACONST=00h-0FFF7h \
  -ASMALLCONST=0F00h-0FFFhx240,0FF00h-0FFF7h -AMEDIUMCONST=0F00h-0FFF7h \
  -ACOMRAM=01h-05Fh -AABS1=00h-0EAFh -ABIGRAM=01h-0EAFh \
  -ARAM=060h-0FFh,0100h-01FFhx13,0E00h-0EAFh -ABANK0=060h-0FFh \
  -ABANK1=0100h-01FFh -ABANK2=0200h-02FFh -ABANK3=0300h-03FFh \
  -ABANK4=0400h-04FFh -ABANK5=0500h-05FFh -ABANK6=0600h-06FFh \
  -ABANK7=0700h-07FFh -ABANK8=0800h-08FFh -ABANK9=0900h-09FFh \
  -ABANK10=0A00h-0AFFh -ABANK11=0B00h-0BFFh -ABANK12=0C00h-0CFFh \
  -ABANK13=0D00h-0DFFh -ABANK14=0E00h-0EAFh \
  -ASFR=0EB0h-0EFFh,0F00h-0F5Fh,0F60h-0FFFh -ABIGSFR=0EB0h-0FFFh \
  -ACONFIG=0FFF8h-0FFFFh -preset_vec=00h,intcode,intcodelo,powerup,init \
  -pramtop=0F00h -psmallconst=SMALLCONST -pmediumconst=MEDIUMCONST \
  -pconst=CONST -AFARRAM=00h-00h -pjflash_buffer=0F800h \
  -prdata=COMRAM,nvrram=COMRAM,nvbit=COMRAM,rbss=COMRAM,rbit=COMRAM \
  -pfarbss=FARRAM,fardata=FARRAM,nvFARRAM=FARRAM \
  -pintsave_regs=BIGRAM,bigbss=BIGRAM,bigdata=BIGRAM -pbss=RAM \
  -pidata=CODE,irdata=CODE,ibigdata=CODE,ifardata=CODE -prparam=COMRAM \
  C:\Users\cedricm\AppData\Local\Temp\xcAsk30.o \
  dist/default/production\pcf857x_io_expander.X.production.o 

Object code version is 3.11

Machine type is 18LF46J13



                Name                               Link     Load   Length Selector   Space Scale
C:\Users\cedricm\AppData\Local\Temp\xcAsk30.o
                config                             FFF8     FFF8        8        0       4
                init                                  0        0        4        0       0
dist/default/production\pcf857x_io_expander.X.production.o
                config                             FFF8     FFF8        8        0       4
                mediumconst                        FCBC     FCBC      33C     7E5E       0
                text127                            7454     7454        A     3A2A       0
                text126                            745E     745E        A     3A2F       0
                text125                            7468     7468        A     3A34       0
                text124                            78F8     78F8       40     3C7C       0
                text123                            74D8     74D8       14     3A6C       0
                text122                            74EC     74EC       14     3A76       0
                text121                            79B8     79B8       44     3CDC       0
                text120                            74C6     74C6       12     3A63       0
                text119                            9A86     9A86      1B4     4D43       0
                text118                            73C0     73C0        4     39E0       0
                text117                            73C4     73C4        4     39E2       0
                text116                            73C8     73C8        4     39E4       0
                text115                            7662     7662       2C     3B31       0
                text114                            73CC     73CC        4     39E6       0
                text113                            73D0     73D0        4     39E8       0
                text112                            73D4     73D4        4     39EA       0
                text111                            7618     7618       24     3B0C       0
                text110                            7F4A     7F4A       7A     3FA5       0
                text109                            752A     752A       18     3A95       0
                text108                            768E     768E       2C     3B47       0
                text107                            76BA     76BA       2C     3B5D       0
                text106                            76E6     76E6       2C     3B73       0
                text105                            7712     7712       2C     3B89       0
                text104                            7938     7938       40     3C9C       0
                text103                            73D8     73D8        4     39EC       0
                text102                            73DC     73DC        4     39EE       0
                text101                            73E0     73E0        4     39F0       0
                text100                            73F0     73F0        6     39F8       0
                text99                             73E4     73E4        4     39F2       0
                text98                             73F6     73F6        6     39FB       0
                text97                             7404     7404        8     3A02       0
                text96                             7500     7500       14     3A80       0
                text95                             73E8     73E8        4     39F4       0
                text94                             803E     803E       7E     401F       0
                text93                             7472     7472        C     3A39       0
                text92                             7496     7496       10     3A4B       0
                text91                             74A6     74A6       10     3A53       0
                text90                             87A8     87A8       C8     43D4       0
                text89                             841C     841C       A8     420E       0
                text88                             747E     747E        C     3A3F       0
                text87                             740C     740C        8     3A06       0
                text86                             7414     7414        8     3A0A       0
                text85                             741C     741C        8     3A0E       0
                text84                             7424     7424        8     3A12       0
                text83                             742C     742C        8     3A16       0
                text82                             7434     7434        8     3A1A       0
                text81                             743C     743C        8     3A1E       0
                text80                             748A     748A        C     3A45       0
                text79                             7E72     7E72       6C     3F39       0
                text78                             7E0E     7E0E       64     3F07       0
                text77                             74B6     74B6       10     3A5B       0
                text76                             75BA     75BA       1E     3ADD       0
                text75                             79FC     79FC       44     3CFE       0
                text74                             7444     7444        8     3A22       0
                text73                             75F6     75F6       22     3AFB       0
                text72                             8248     8248       8E     4124       0
                text71                             7AC8     7AC8       46     3D64       0
                text70                             7542     7542       18     3AA1       0
                text69                             755A     755A       18     3AAD       0
                text68                             7D4A     7D4A       62     3EA5       0
                text67                             744C     744C        8     3A26       0
                text66                             7572     7572       18     3AB9       0
                text65                             7C34     7C34       5A     3E1A       0
                text64                             758A     758A       18     3AC5       0
                text63                             75A2     75A2       18     3AD1       0
                text62                             7CEA     7CEA       60     3E75       0
                text61                             73BC     73BC        2     39DE       0
                text60                             9602     9602      176     4B01       0
                text59                             B498     B498      490     5A4C       0
                text58                             A4B8     A4B8      292     525C       0
                text57                             75D8     75D8       1E     3AEC       0
                text56                             773E     773E       34     3B9F       0
                text55                             73EC     73EC        4     39F6       0
                text54                             8376     8376       A6     41BB       0
                text53                             7514     7514       16     3A8A       0
                text52                             7B9A     7B9A       48     3DCD       0
                text51                             861E     861E       C4     430F       0
                text50                             856E     856E       B0     42B7       0
                text49                             ACD4     ACD4      39A     566A       0
                text48                             84C4     84C4       AA     4262       0
                text47                             8CD0     8CD0      104     4668       0
                text46                             B06E     B06E      42A     5837       0
                text45                             77DC     77DC       38     3BEE       0
                text44                             B928     B928      4C0     5C94       0
                text43                             7B0E     7B0E       46     3D87       0
                text42                             8DD4     8DD4      106     46EA       0
                text41                             8BD2     8BD2       FE     45E9       0
                text40                             A02E     A02E      212     5017       0
                text39                             78BC     78BC       3C     3C5E       0
                text38                             7814     7814       38     3C0A       0
                text37                             73BE     73BE        2     39DF       0
                text36                             8870     8870       CA     4438       0
                text35                             7A40     7A40       44     3D20       0
                text34                             77A6     77A6       36     3BD3       0
                text33                             86E2     86E2       C6     4371       0
                text32                             7C8E     7C8E       5C     3E47       0
                text31                             784C     784C       38     3C26       0
                text30                             7A84     7A84       44     3D42       0
                text29                             BDE8     BDE8      AE2     5EF4       0
                text28                             763C     763C       26     3B1E       0
                text27                             7884     7884       38     3C42       0
                text26                             7BE2     7BE2       52     3DF1       0
                text25                             9348     9348      156     49A4       0
                text24                             8A0A     8A0A       D8     4505       0
                text23                             98FE     98FE      188     4C7F       0
                text22                             949E     949E      164     4A4F       0
                text21                             7978     7978       40     3CBC       0
                text20                             A9F0     A9F0      2E4     54F8       0
                text19                             7B54     7B54       46     3DAA       0
                text18                             C8CA     C8CA      C0E     6465       0
                text17                             9C3A     9C3A      1F0     4E1D       0
                text16                             9778     9778      186     4BBC       0
                text15                             8FE6     8FE6      11A     47F3       0
                text14                             8AE2     8AE2       F0     4571       0
                text13                             893A     893A       D0     449D       0
                text12                             9E2A     9E2A      204     4F15       0
                text11                             A74A     A74A      2A6     53A5       0
                text10                             D4D8     D4D8     27E4     6A6C       0
                text9                              7DAC     7DAC       62     3ED6       0
                text8                              8EDA     8EDA      10C     476D       0
                text7                              7EDE     7EDE       6C     3F6F       0
                text6                              7772     7772       34     3BB9       0
                text5                              813C     813C       86     409E       0
                text4                              82D6     82D6       A0     416B       0
                text3                              9100     9100      11E     4880       0
                text2                              81C2     81C2       86     40E1       0
                text1                              921E     921E      12A     490F       0
                text0                              A240     A240      278     5120       0
                cstackCOMRAM                          1        1       5F        1       1
                cstackBANK0                          60       60       89       60       1
                cstackBANK1                         100      100      100      100       1
                bssBANK4                            400      400       66      400       1
                dataBANK3                           300      300       80      300       1
                bssBANK3                            380      380       66      300       1
                dataBANK2                           2DE      2DE        7      200       1
                bssBANK2                            200      200       DE      200       1
                bssBANK0                             E9       E9       14       60       1
                cinit                              7FC4     7FC4       7A     3FE2       0
                nvBANK2                             2E5      2E5        4      200       1
                nvBANK0                              FD       FD        3       60       1
                idataBANK3                         80BC     80BC       80     80BC       0
                idataBANK2                         73FD     73FD        7     73FD       0

TOTAL           Name                               Link     Load   Length     Space
        CLASS   CODE           
                init                                  0        0        4         0
                text127                            7454     7454        A         0
                text126                            745E     745E        A         0
                text125                            7468     7468        A         0
                text124                            78F8     78F8       40         0
                text123                            74D8     74D8       14         0
                text122                            74EC     74EC       14         0
                text121                            79B8     79B8       44         0
                text120                            74C6     74C6       12         0
                text119                            9A86     9A86      1B4         0
                text118                            73C0     73C0        4         0
                text117                            73C4     73C4        4         0
                text116                            73C8     73C8        4         0
                text115                            7662     7662       2C         0
                text114                            73CC     73CC        4         0
                text113                            73D0     73D0        4         0
                text112                            73D4     73D4        4         0
                text111                            7618     7618       24         0
                text110                            7F4A     7F4A       7A         0
                text109                            752A     752A       18         0
                text108                            768E     768E       2C         0
                text107                            76BA     76BA       2C         0
                text106                            76E6     76E6       2C         0
                text105                            7712     7712       2C         0
                text104                            7938     7938       40         0
                text103                            73D8     73D8        4         0
                text102                            73DC     73DC        4         0
                text101                            73E0     73E0        4         0
                text100                            73F0     73F0        6         0
                text99                             73E4     73E4        4         0
                text98                             73F6     73F6        6         0
                text97                             7404     7404        8         0
                text96                             7500     7500       14         0
                text95                             73E8     73E8        4         0
                text94                             803E     803E       7E         0
                text93                             7472     7472        C         0
                text92                             7496     7496       10         0
                text91                             74A6     74A6       10         0
                text90                             87A8     87A8       C8         0
                text89                             841C     841C       A8         0
                text88                             747E     747E        C         0
                text87                             740C     740C        8         0
                text86                             7414     7414        8         0
                text85                             741C     741C        8         0
                text84                             7424     7424        8         0
                text83                             742C     742C        8         0
                text82                             7434     7434        8         0
                text81                             743C     743C        8         0
                text80                             748A     748A        C         0
                text79                             7E72     7E72       6C         0
                text78                             7E0E     7E0E       64         0
                text77                             74B6     74B6       10         0
                text76                             75BA     75BA       1E         0
                text75                             79FC     79FC       44         0
                text74                             7444     7444        8         0
                text73                             75F6     75F6       22         0
                text72                             8248     8248       8E         0
                text71                             7AC8     7AC8       46         0
                text70                             7542     7542       18         0
                text69                             755A     755A       18         0
                text68                             7D4A     7D4A       62         0
                text67                             744C     744C        8         0
                text66                             7572     7572       18         0
                text65                             7C34     7C34       5A         0
                text64                             758A     758A       18         0
                text63                             75A2     75A2       18         0
                text62                             7CEA     7CEA       60         0
                text61                             73BC     73BC        2         0
                text60                             9602     9602      176         0
                text59                             B498     B498      490         0
                text58                             A4B8     A4B8      292         0
                text57                             75D8     75D8       1E         0
                text56                             773E     773E       34         0
                text55                             73EC     73EC        4         0
                text54                             8376     8376       A6         0
                text53                             7514     7514       16         0
                text52                             7B9A     7B9A       48         0
                text51                             861E     861E       C4         0
                text50                             856E     856E       B0         0
                text49                             ACD4     ACD4      39A         0
                text48                             84C4     84C4       AA         0
                text47                             8CD0     8CD0      104         0
                text46                             B06E     B06E      42A         0
                text45                             77DC     77DC       38         0
                text44                             B928     B928      4C0         0
                text43                             7B0E     7B0E       46         0
                text42                             8DD4     8DD4      106         0
                text41                             8BD2     8BD2       FE         0
                text40                             A02E     A02E      212         0
                text39                             78BC     78BC       3C         0
                text38                             7814     7814       38         0
                text37                             73BE     73BE        2         0
                text36                             8870     8870       CA         0
                text35                             7A40     7A40       44         0
                text34                             77A6     77A6       36         0
                text33                             86E2     86E2       C6         0
                text32                             7C8E     7C8E       5C         0
                text31                             784C     784C       38         0
                text30                             7A84     7A84       44         0
                text29                             BDE8     BDE8      AE2         0
                text28                             763C     763C       26         0
                text27                             7884     7884       38         0
                text26                             7BE2     7BE2       52         0
                text25                             9348     9348      156         0
                text24                             8A0A     8A0A       D8         0
                text23                             98FE     98FE      188         0
                text22                             949E     949E      164         0
                text21                             7978     7978       40         0
                text20                             A9F0     A9F0      2E4         0
                text19                             7B54     7B54       46         0
                text18                             C8CA     C8CA      C0E         0
                text17                             9C3A     9C3A      1F0         0
                text16                             9778     9778      186         0
                text15                             8FE6     8FE6      11A         0
                text14                             8AE2     8AE2       F0         0
                text13                             893A     893A       D0         0
                text12                             9E2A     9E2A      204         0
                text11                             A74A     A74A      2A6         0
                text10                             D4D8     D4D8     27E4         0
                text9                              7DAC     7DAC       62         0
                text8                              8EDA     8EDA      10C         0
                text7                              7EDE     7EDE       6C         0
                text6                              7772     7772       34         0
                text5                              813C     813C       86         0
                text4                              82D6     82D6       A0         0
                text3                              9100     9100      11E         0
                text2                              81C2     81C2       86         0
                text1                              921E     921E      12A         0
                text0                              A240     A240      278         0
                cinit                              7FC4     7FC4       7A         0
                idataBANK3                         80BC     80BC       80         0
                idataBANK2                         73FD     73FD        7         0

        CLASS   CONST          

        CLASS   SMALLCONST     

        CLASS   MEDIUMCONST    
                mediumconst                        FCBC     FCBC      33C         0

        CLASS   COMRAM         
                cstackCOMRAM                          1        1       5F         1

        CLASS   ABS1           

        CLASS   BIGRAM         

        CLASS   RAM            

        CLASS   BANK0          
                cstackBANK0                          60       60       89         1
                bssBANK0                             E9       E9       14         1
                nvBANK0                              FD       FD        3         1

        CLASS   BANK1          
                cstackBANK1                         100      100      100         1

        CLASS   BANK2          
                dataBANK2                           2DE      2DE        7         1
                bssBANK2                            200      200       DE         1
                nvBANK2                             2E5      2E5        4         1

        CLASS   BANK3          
                dataBANK3                           300      300       80         1
                bssBANK3                            380      380       66         1

        CLASS   BANK4          
                bssBANK4                            400      400       66         1

        CLASS   BANK5          

        CLASS   BANK6          

        CLASS   BANK7          

        CLASS   BANK8          

        CLASS   BANK9          

        CLASS   BANK10         

        CLASS   BANK11         

        CLASS   BANK12         

        CLASS   BANK13         

        CLASS   BANK14         

        CLASS   SFR            

        CLASS   BIGSFR         

        CLASS   CONFIG         
                config                             FFF8     FFF8        8         4

        CLASS   FARRAM         

        CLASS   HEAP           

        CLASS   STACK          

        CLASS   IDLOC          



SEGMENTS        Name                           Load    Length   Top    Selector   Space  Class

                reset_vec                      000000  000004  000004         0       0  CODE    
                cstackCOMRAM                   000001  00005F  000060         1       1  COMRAM  
                cstackBANK0                    000060  0000A0  000100        60       1  BANK0   
                cstackBANK1                    000100  000100  000200       100       1  BANK1   
                bssBANK2                       000200  0000E9  0002E9       200       1  BANK2   
                dataBANK3                      000300  0000E6  0003E6       300       1  BANK3   
                bssBANK4                       000400  000066  000466       400       1  BANK4   
                text61                         0073BC  000002  0073BE      39DE       0  CODE    
                text37                         0073BE  000002  0073C0      39DF       0  CODE    
                text118                        0073C0  000004  0073C4      39E0       0  CODE    
                text117                        0073C4  000004  0073C8      39E2       0  CODE    
                text116                        0073C8  000004  0073CC      39E4       0  CODE    
                text114                        0073CC  000004  0073D0      39E6       0  CODE    
                text113                        0073D0  000004  0073D4      39E8       0  CODE    
                text112                        0073D4  000004  0073D8      39EA       0  CODE    
                text103                        0073D8  000004  0073DC      39EC       0  CODE    
                text102                        0073DC  000004  0073E0      39EE       0  CODE    
                text101                        0073E0  000004  0073E4      39F0       0  CODE    
                text99                         0073E4  000004  0073E8      39F2       0  CODE    
                text95                         0073E8  000004  0073EC      39F4       0  CODE    
                text55                         0073EC  000004  0073F0      39F6       0  CODE    
                text100                        0073F0  000006  0073F6      39F8       0  CODE    
                text98                         0073F6  000006  0073FC      39FB       0  CODE    
                idataBANK2                     0073FD  000007  007404      73FD       0  CODE    
                text97                         007404  000008  00740C      3A02       0  CODE    
                text87                         00740C  000008  007414      3A06       0  CODE    
                text86                         007414  000008  00741C      3A0A       0  CODE    
                text85                         00741C  000008  007424      3A0E       0  CODE    
                text84                         007424  000008  00742C      3A12       0  CODE    
                text83                         00742C  000008  007434      3A16       0  CODE    
                text82                         007434  000008  00743C      3A1A       0  CODE    
                text81                         00743C  000008  007444      3A1E       0  CODE    
                text74                         007444  000008  00744C      3A22       0  CODE    
                text67                         00744C  000008  007454      3A26       0  CODE    
                text127                        007454  00000A  00745E      3A2A       0  CODE    
                text126                        00745E  00000A  007468      3A2F       0  CODE    
                text125                        007468  00000A  007472      3A34       0  CODE    
                text93                         007472  00000C  00747E      3A39       0  CODE    
                text88                         00747E  00000C  00748A      3A3F       0  CODE    
                text80                         00748A  00000C  007496      3A45       0  CODE    
                text92                         007496  000010  0074A6      3A4B       0  CODE    
                text91                         0074A6  000010  0074B6      3A53       0  CODE    
                text77                         0074B6  000010  0074C6      3A5B       0  CODE    
                text120                        0074C6  000012  0074D8      3A63       0  CODE    
                text123                        0074D8  000014  0074EC      3A6C       0  CODE    
                text122                        0074EC  000014  007500      3A76       0  CODE    
                text96                         007500  000014  007514      3A80       0  CODE    
                text53                         007514  000016  00752A      3A8A       0  CODE    
                text109                        00752A  000018  007542      3A95       0  CODE    
                text70                         007542  000018  00755A      3AA1       0  CODE    
                text69                         00755A  000018  007572      3AAD       0  CODE    
                text66                         007572  000018  00758A      3AB9       0  CODE    
                text64                         00758A  000018  0075A2      3AC5       0  CODE    
                text63                         0075A2  000018  0075BA      3AD1       0  CODE    
                text76                         0075BA  00001E  0075D8      3ADD       0  CODE    
                text57                         0075D8  00001E  0075F6      3AEC       0  CODE    
                text73                         0075F6  000022  007618      3AFB       0  CODE    
                text111                        007618  000024  00763C      3B0C       0  CODE    
                text28                         00763C  000026  007662      3B1E       0  CODE    
                text115                        007662  00002C  00768E      3B31       0  CODE    
                text108                        00768E  00002C  0076BA      3B47       0  CODE    
                text107                        0076BA  00002C  0076E6      3B5D       0  CODE    
                text106                        0076E6  00002C  007712      3B73       0  CODE    
                text105                        007712  00002C  00773E      3B89       0  CODE    
                text56                         00773E  000034  007772      3B9F       0  CODE    
                text6                          007772  000034  0077A6      3BB9       0  CODE    
                text34                         0077A6  000036  0077DC      3BD3       0  CODE    
                text45                         0077DC  000038  007814      3BEE       0  CODE    
                text38                         007814  000038  00784C      3C0A       0  CODE    
                text31                         00784C  000038  007884      3C26       0  CODE    
                text27                         007884  000038  0078BC      3C42       0  CODE    
                text39                         0078BC  00003C  0078F8      3C5E       0  CODE    
                text124                        0078F8  000040  007938      3C7C       0  CODE    
                text104                        007938  000040  007978      3C9C       0  CODE    
                text21                         007978  000040  0079B8      3CBC       0  CODE    
                text121                        0079B8  000044  0079FC      3CDC       0  CODE    
                text75                         0079FC  000044  007A40      3CFE       0  CODE    
                text35                         007A40  000044  007A84      3D20       0  CODE    
                text30                         007A84  000044  007AC8      3D42       0  CODE    
                text71                         007AC8  000046  007B0E      3D64       0  CODE    
                text43                         007B0E  000046  007B54      3D87       0  CODE    
                text19                         007B54  000046  007B9A      3DAA       0  CODE    
                text52                         007B9A  000048  007BE2      3DCD       0  CODE    
                text26                         007BE2  000052  007C34      3DF1       0  CODE    
                text65                         007C34  00005A  007C8E      3E1A       0  CODE    
                text32                         007C8E  00005C  007CEA      3E47       0  CODE    
                text62                         007CEA  000060  007D4A      3E75       0  CODE    
                text68                         007D4A  000062  007DAC      3EA5       0  CODE    
                text9                          007DAC  000062  007E0E      3ED6       0  CODE    
                text78                         007E0E  000064  007E72      3F07       0  CODE    
                text79                         007E72  00006C  007EDE      3F39       0  CODE    
                text7                          007EDE  00006C  007F4A      3F6F       0  CODE    
                text110                        007F4A  00007A  007FC4      3FA5       0  CODE    
                cinit                          007FC4  00007A  00803E      3FE2       0  CODE    
                text94                         00803E  00007E  0080BC      401F       0  CODE    
                idataBANK3                     0080BC  000080  00813C      80BC       0  CODE    
                text5                          00813C  000086  0081C2      409E       0  CODE    
                text2                          0081C2  000086  008248      40E1       0  CODE    
                text72                         008248  00008E  0082D6      4124       0  CODE    
                text4                          0082D6  0000A0  008376      416B       0  CODE    
                text54                         008376  0000A6  00841C      41BB       0  CODE    
                text89                         00841C  0000A8  0084C4      420E       0  CODE    
                text48                         0084C4  0000AA  00856E      4262       0  CODE    
                text50                         00856E  0000B0  00861E      42B7       0  CODE    
                text51                         00861E  0000C4  0086E2      430F       0  CODE    
                text33                         0086E2  0000C6  0087A8      4371       0  CODE    
                text90                         0087A8  0000C8  008870      43D4       0  CODE    
                text36                         008870  0000CA  00893A      4438       0  CODE    
                text13                         00893A  0000D0  008A0A      449D       0  CODE    
                text24                         008A0A  0000D8  008AE2      4505       0  CODE    
                text14                         008AE2  0000F0  008BD2      4571       0  CODE    
                text41                         008BD2  0000FE  008CD0      45E9       0  CODE    
                text47                         008CD0  000104  008DD4      4668       0  CODE    
                text42                         008DD4  000106  008EDA      46EA       0  CODE    
                text8                          008EDA  00010C  008FE6      476D       0  CODE    
                text15                         008FE6  00011A  009100      47F3       0  CODE    
                text3                          009100  00011E  00921E      4880       0  CODE    
                text1                          00921E  00012A  009348      490F       0  CODE    
                text25                         009348  000156  00949E      49A4       0  CODE    
                text22                         00949E  000164  009602      4A4F       0  CODE    
                text60                         009602  000176  009778      4B01       0  CODE    
                text16                         009778  000186  0098FE      4BBC       0  CODE    
                text23                         0098FE  000188  009A86      4C7F       0  CODE    
                text119                        009A86  0001B4  009C3A      4D43       0  CODE    
                text17                         009C3A  0001F0  009E2A      4E1D       0  CODE    
                text12                         009E2A  000204  00A02E      4F15       0  CODE    
                text40                         00A02E  000212  00A240      5017       0  CODE    
                text0                          00A240  000278  00A4B8      5120       0  CODE    
                text58                         00A4B8  000292  00A74A      525C       0  CODE    
                text11                         00A74A  0002A6  00A9F0      53A5       0  CODE    
                text20                         00A9F0  0002E4  00ACD4      54F8       0  CODE    
                text49                         00ACD4  00039A  00B06E      566A       0  CODE    
                text46                         00B06E  00042A  00B498      5837       0  CODE    
                text59                         00B498  000490  00B928      5A4C       0  CODE    
                text44                         00B928  0004C0  00BDE8      5C94       0  CODE    
                text29                         00BDE8  000AE2  00C8CA      5EF4       0  CODE    
                text18                         00C8CA  000C0E  00D4D8      6465       0  CODE    
                text10                         00D4D8  0027E4  00FCBC      6A6C       0  CODE    
                mediumconst                    00FCBC  00033C  00FFF8      7E5E       0  MEDIUMCO


UNUSED ADDRESS RANGES

        Name                Unused          Largest block    Delta
        BANK10           00A00-00AFF             100
        BANK11           00B00-00BFF             100
        BANK12           00C00-00CFF             100
        BANK13           00D00-00DFF             100
        BANK14           00E00-00EAF              B0
        BANK2            002E9-002FF              17
        BANK3            003E6-003FF              1A
        BANK4            00466-004FF              9A
        BANK5            00500-005FF             100
        BANK6            00600-006FF             100
        BANK7            00700-007FF             100
        BANK8            00800-008FF             100
        BANK9            00900-009FF             100
        BIGRAM           002E9-002FF              17
                         003E6-003FF              1A
                         00466-00EAF             A4A
        BIGSFR           00EB0-00FFF             150
        CODE             00004-073BB            73B8
                         073FC-073FC               1
        CONST            00004-073BB            73B8
                         073FC-073FC               1
        MEDIUMCONST      00F00-073BB            64BC
                         073FC-073FC               1
        RAM              002E9-002FF              17
                         003E6-003FF              1A
                         00466-00EAF             100
        SFR              00EB0-00FFF              60
        SMALLCONST       00F00-073BB             100
                         073FC-073FC               1

                                  Symbol Table

?___aodiv                                       cstackCOMRAM  00001
?___aomod                                       cstackCOMRAM  00001
?___awdiv                                       cstackCOMRAM  00001
?___awmod                                       cstackCOMRAM  00001
?___fladd                                       cstackCOMRAM  00001
?___fldiv                                       cstackCOMRAM  00001
?___flmul                                       cstackCOMRAM  00001
?___flneg                                       cstackCOMRAM  00001
?___flsub                                       cstackCOMRAM  00032
?___fltol                                       cstackCOMRAM  0001A
?___fpclassifyf                                 cstackCOMRAM  00001
?___lodiv                                       cstackCOMRAM  00001
?___lomod                                       cstackCOMRAM  00001
?___wmul                                        cstackCOMRAM  00001
?___xxtofl                                      cstackCOMRAM  00024
?_abs                                           cstackCOMRAM  00013
?_atoa                                          cstackCOMRAM  0003A
?_atoi                                          cstackCOMRAM  00008
?_ctoa                                          cstackCOMRAM  0000A
?_dtoa                                          cstackCOMRAM  0001C
?_efgtoa                                        cstackCOMRAM  0003A
?_floorf                                        cstackCOMRAM  0001A
?_isalpha                                       cstackCOMRAM  00001
?_isdigit                                       cstackCOMRAM  00001
?_islower                                       cstackCOMRAM  00001
?_isspace                                       cstackCOMRAM  00001
?_isupper                                       cstackCOMRAM  00001
?_otoa                                          cstackCOMRAM  0001C
?_pad                                           cstackCOMRAM  00011
?_pcf857x_interface_debug_print                 cstackBANK0   000D4
?_stoa                                          cstackCOMRAM  0000A
?_strlen                                        cstackCOMRAM  00001
?_strncmp                                       cstackCOMRAM  00001
?_tolower                                       cstackCOMRAM  00007
?_toupper                                       cstackCOMRAM  00007
?_utoa                                          cstackCOMRAM  0001C
?_vfpfcnvrt                                     cstackCOMRAM  00046
?_vfprintf                                      cstackBANK0   000B2
?_xtoa                                          cstackCOMRAM  0001C
EUSART1_SetErrorHandler@interruptHandler        cstackCOMRAM  00001
EUSART1_SetFramingErrorHandler@interruptHandler cstackCOMRAM  00001
EUSART1_SetOverrunErrorHandler@interruptHandler cstackCOMRAM  00001
EUSART1_Write@txData                            cstackCOMRAM  00001
I2C2_CallbackReturnReset@funPtr                 cstackCOMRAM  0000A
I2C2_Close@returnValue                          cstackCOMRAM  00001
I2C2_MasterOperation@read                       cstackCOMRAM  0000E
I2C2_MasterOperation@returnValue                cstackCOMRAM  0000F
I2C2_MasterSendTxData@data                      cstackCOMRAM  00001
I2C2_Open@address                               cstackCOMRAM  00001
I2C2_Open@returnValue                           cstackCOMRAM  00002
I2C2_ReadNBytes@address                         cstackCOMRAM  00014
I2C2_ReadNBytes@data                            cstackCOMRAM  00010
I2C2_ReadNBytes@len                             cstackCOMRAM  00012
I2C2_SetAddressNackCallback@cb                  cstackCOMRAM  00006
I2C2_SetAddressNackCallback@ptr                 cstackCOMRAM  00008
I2C2_SetBuffer@buffer                           cstackCOMRAM  00001
I2C2_SetBuffer@bufferSize                       cstackCOMRAM  00003
I2C2_SetCallback@cb                             cstackCOMRAM  00001
I2C2_SetCallback@idx                            cstackCOMRAM  00005
I2C2_SetCallback@ptr                            cstackCOMRAM  00003
I2C2_SetDataCompleteCallback@cb                 cstackCOMRAM  00006
I2C2_SetDataCompleteCallback@ptr                cstackCOMRAM  00008
I2C2_WriteNBytes@address                        cstackCOMRAM  00014
I2C2_WriteNBytes@data                           cstackCOMRAM  00010
I2C2_WriteNBytes@len                            cstackCOMRAM  00012
_ANCON0                                         (abs)         00F48
_ANCON1                                         (abs)         00F49
_BAUDCON1                                       (abs)         00F7E
_EUSART1_DefaultErrorHandler                    (abs)         00000
_EUSART1_DefaultFramingErrorHandler             (abs)         00000
_EUSART1_DefaultOverrunErrorHandler             (abs)         00000
_EUSART1_ErrorHandler                           nvBANK2       002E5
_EUSART1_FramingErrorHandler                    nvBANK0       000FD
_EUSART1_Initialize                             text124       078F8
_EUSART1_OverrunErrorHandler                    nvBANK2       002E7
_EUSART1_SetErrorHandler                        text127       07454
_EUSART1_SetFramingErrorHandler                 text126       0745E
_EUSART1_SetOverrunErrorHandler                 text125       07468
_EUSART1_Write                                  text53        07514
_I2C2_CallbackReturnReset                       text102       073DC
_I2C2_CallbackReturnStop                        text103       073D8
_I2C2_Close                                     text115       07662
_I2C2_DO_ADDRESS_NACK                           text79        07E72
_I2C2_DO_IDLE                                   text93        07472
_I2C2_DO_RCEN                                   text88        0747E
_I2C2_DO_RESET                                  text80        0748A
_I2C2_DO_RX                                     text89        0841C
_I2C2_DO_RX_ACK                                 text83        0742C
_I2C2_DO_RX_NACK_RESTART                        text81        0743C
_I2C2_DO_RX_NACK_STOP                           text82        07434
_I2C2_DO_SEND_ADR_READ                          text92        07496
_I2C2_DO_SEND_ADR_WRITE                         text91        074A6
_I2C2_DO_SEND_RESTART                           text85        0741C
_I2C2_DO_SEND_RESTART_READ                      text87        0740C
_I2C2_DO_SEND_RESTART_WRITE                     text86        07414
_I2C2_DO_SEND_STOP                              text84        07424
_I2C2_DO_TX                                     text90        087A8
_I2C2_DO_TX_EMPTY                               text94        0803E
_I2C2_Initialize                                text123       074D8
_I2C2_MasterClearIrq                            text118       073C0
_I2C2_MasterClose                               text117       073C4
_I2C2_MasterDisableIrq                          text116       073C8
_I2C2_MasterEnableRestart                       text113       073D0
_I2C2_MasterFsm                                 text78        07E0E
_I2C2_MasterGetRxData                           text99        073E4
_I2C2_MasterIsNack                              text96        07500
_I2C2_MasterOpen                                text73        075F6
_I2C2_MasterOperation                           text75        079FC
_I2C2_MasterRead                                text74        07444
_I2C2_MasterSendAck                             text98        073F6
_I2C2_MasterSendNack                            text100       073F0
_I2C2_MasterSendTxData                          text97        07404
_I2C2_MasterSetIrq                              text95        073E8
_I2C2_MasterStart                               text114       073CC
_I2C2_MasterStartRx                             text101       073E0
_I2C2_MasterStop                                text112       073D4
_I2C2_MasterWaitForEvent                        text77        074B6
_I2C2_MasterWrite                               text67        0744C
_I2C2_Open                                      text72        08248
_I2C2_Poller                                    text76        075BA
_I2C2_ReadNBytes                                text71        07AC8
_I2C2_SetAddressNackCallback                    text66        07572
_I2C2_SetBuffer                                 text111       07618
_I2C2_SetCallback                               text110       07F4A
_I2C2_SetDataCompleteCallback                   text109       0752A
_I2C2_Status                                    bssBANK2      00200
_I2C2_WriteNBytes                               text65        07C34
_INTCON2bits                                    (abs)         00FF1
_INTCONbits                                     (abs)         00FF2
_LATA                                           (abs)         00F89
_LATB                                           (abs)         00F8A
_LATC                                           (abs)         00F8B
_LATD                                           (abs)         00F8C
_LATE                                           (abs)         00F8D
_ODCON1                                         (abs)         00F42
_ODCON2                                         (abs)         00F41
_ODCON3                                         (abs)         00F40
_OSCCON                                         (abs)         00FD3
_OSCCON2                                        (abs)         00F87
_OSCILLATOR_Initialize                          text122       074EC
_OSCTUNE                                        (abs)         00F9B
_PIE3bits                                       (abs)         00FA3
_PIN_MANAGER_Initialize                         text121       079B8
_PIR1bits                                       (abs)         00F9E
_PIR3bits                                       (abs)         00FA4
_RCREG1                                         (abs)         00FAF
_RCSTA1                                         (abs)         00FAC
_RCSTA1bits                                     (abs)         00FAC
_REFOCON                                        (abs)         00F3D
_SPBRG1                                         (abs)         00FB0
_SPBRGH1                                        (abs)         00F7F
_SSP2ADD                                        (abs)         00F74
_SSP2BUF                                        (abs)         00F75
_SSP2CON1                                       (abs)         00F72
_SSP2CON1bits                                   (abs)         00F72
_SSP2CON2                                       (abs)         00F71
_SSP2CON2bits                                   (abs)         00F71
_SSP2STAT                                       (abs)         00F73
_SSP2STATbits                                   (abs)         00F73
_SYSTEM_Initialize                              text120       074C6
_TRISA                                          (abs)         00F92
_TRISB                                          (abs)         00F93
_TRISC                                          (abs)         00F94
_TRISD                                          (abs)         00F95
_TRISE                                          (abs)         00F96
_TRISEbits                                      (abs)         00F96
_TXREG1                                         (abs)         00FAE
_TXSTA1                                         (abs)         00FAD
_TXSTA1bits                                     (abs)         00FAD
__HRAM                                          (abs)         00000
__Habs1                                         abs1          00000
__Hbank0                                        bank0         00000
__Hbank1                                        bank1         00000
__Hbank10                                       bank10        00000
__Hbank11                                       bank11        00000
__Hbank12                                       bank12        00000
__Hbank13                                       bank13        00000
__Hbank14                                       bank14        00000
__Hbank2                                        bank2         00000
__Hbank3                                        bank3         00000
__Hbank4                                        bank4         00000
__Hbank5                                        bank5         00000
__Hbank6                                        bank6         00000
__Hbank7                                        bank7         00000
__Hbank8                                        bank8         00000
__Hbank9                                        bank9         00000
__Hbigbss                                       bigbss        00000
__Hbigdata                                      bigdata       00000
__Hbigram                                       bigram        00000
__Hbigsfr                                       bigsfr        00000
__Hbss                                          bss           00000
__HbssBANK0                                     bssBANK0      00000
__HbssBANK2                                     bssBANK2      00000
__HbssBANK3                                     bssBANK3      00000
__HbssBANK4                                     bssBANK4      00000
__Hcinit                                        cinit         00000
__Hclrtext                                      clrtext       00000
__Hcomram                                       comram        00000
__Hconfig                                       config        10000
__Hconst                                        const         00000
__HcstackBANK0                                  cstackBANK0   00000
__HcstackBANK1                                  cstackBANK1   00000
__HcstackCOMRAM                                 cstackCOMRAM  00000
__Hdata                                         data          00000
__HdataBANK2                                    dataBANK2     00000
__HdataBANK3                                    dataBANK3     00000
__Hfarbss                                       farbss        00000
__Hfardata                                      fardata       00000
__Hheap                                         heap          00000
__Hibigdata                                     ibigdata      00000
__Hidata                                        idata         00000
__HidataBANK2                                   idataBANK2    00000
__HidataBANK3                                   idataBANK3    00000
__Hidloc                                        idloc         00000
__Hifardata                                     ifardata      00000
__Hinit                                         init          00004
__Hintcode                                      intcode       00000
__Hintcode_body                                 intcode_body  00000
__Hintcodelo                                    intcodelo     00000
__Hintentry                                     intentry      00000
__Hintret                                       intret        00000
__Hintsave_regs                                 intsave_regs  00000
__Hirdata                                       irdata        00000
__Hjflash_buffer                                jflash_buffer 0F800
__Hmediumconst                                  mediumconst   0FFF8
__HnvBANK0                                      nvBANK0       00000
__HnvBANK2                                      nvBANK2       00000
__HnvFARRAM                                     nvFARRAM      00000
__Hnvbit                                        nvbit         00000
__Hnvrram                                       nvrram        00000
__Hparam                                        rparam        00000
__Hpowerup                                      powerup       00000
__Hram                                          ram           00000
__Hramtop                                       ramtop        00F00
__Hrbit                                         rbit          00000
__Hrbss                                         rbss          00000
__Hrdata                                        rdata         00000
__Hreset_vec                                    reset_vec     00000
__Hrparam                                       rparam        00000
__Hsfr                                          sfr           00000
__Hsmallconst                                   smallconst    00000
__Hspace_0                                      (abs)         0FFF8
__Hspace_1                                      (abs)         00466
__Hspace_2                                      (abs)         00000
__Hspace_4                                      (abs)         1FFF8
__Hstack                                        stack         00000
__Hstruct                                       struct        00000
__Htemp                                         temp          00000
__Htext                                         text          00000
__Htext0                                        text0         00000
__Htext1                                        text1         00000
__Htext10                                       text10        00000
__Htext100                                      text100       00000
__Htext101                                      text101       00000
__Htext102                                      text102       00000
__Htext103                                      text103       00000
__Htext104                                      text104       00000
__Htext105                                      text105       00000
__Htext106                                      text106       00000
__Htext107                                      text107       00000
__Htext108                                      text108       00000
__Htext109                                      text109       00000
__Htext11                                       text11        00000
__Htext110                                      text110       00000
__Htext111                                      text111       00000
__Htext112                                      text112       00000
__Htext113                                      text113       00000
__Htext114                                      text114       00000
__Htext115                                      text115       00000
__Htext116                                      text116       00000
__Htext117                                      text117       00000
__Htext118                                      text118       00000
__Htext119                                      text119       00000
__Htext12                                       text12        00000
__Htext120                                      text120       00000
__Htext121                                      text121       00000
__Htext122                                      text122       00000
__Htext123                                      text123       00000
__Htext124                                      text124       00000
__Htext125                                      text125       00000
__Htext126                                      text126       00000
__Htext127                                      text127       00000
__Htext128                                      text128       00000
__Htext13                                       text13        00000
__Htext14                                       text14        00000
__Htext15                                       text15        00000
__Htext16                                       text16        00000
__Htext17                                       text17        00000
__Htext18                                       text18        00000
__Htext19                                       text19        00000
__Htext2                                        text2         00000
__Htext20                                       text20        00000
__Htext21                                       text21        00000
__Htext22                                       text22        00000
__Htext23                                       text23        00000
__Htext24                                       text24        00000
__Htext25                                       text25        00000
__Htext26                                       text26        00000
__Htext27                                       text27        00000
__Htext28                                       text28        00000
__Htext29                                       text29        00000
__Htext3                                        text3         00000
__Htext30                                       text30        00000
__Htext31                                       text31        00000
__Htext32                                       text32        00000
__Htext33                                       text33        00000
__Htext34                                       text34        00000
__Htext35                                       text35        00000
__Htext36                                       text36        00000
__Htext37                                       text37        00000
__Htext38                                       text38        00000
__Htext39                                       text39        00000
__Htext4                                        text4         00000
__Htext40                                       text40        00000
__Htext41                                       text41        00000
__Htext42                                       text42        00000
__Htext43                                       text43        00000
__Htext44                                       text44        00000
__Htext45                                       text45        00000
__Htext46                                       text46        00000
__Htext47                                       text47        00000
__Htext48                                       text48        00000
__Htext49                                       text49        00000
__Htext5                                        text5         00000
__Htext50                                       text50        00000
__Htext51                                       text51        00000
__Htext52                                       text52        00000
__Htext53                                       text53        00000
__Htext54                                       text54        00000
__Htext55                                       text55        00000
__Htext56                                       text56        00000
__Htext57                                       text57        00000
__Htext58                                       text58        00000
__Htext59                                       text59        00000
__Htext6                                        text6         00000
__Htext60                                       text60        00000
__Htext61                                       text61        00000
__Htext62                                       text62        00000
__Htext63                                       text63        00000
__Htext64                                       text64        00000
__Htext65                                       text65        00000
__Htext66                                       text66        00000
__Htext67                                       text67        00000
__Htext68                                       text68        00000
__Htext69                                       text69        00000
__Htext7                                        text7         00000
__Htext70                                       text70        00000
__Htext71                                       text71        00000
__Htext72                                       text72        00000
__Htext73                                       text73        00000
__Htext74                                       text74        00000
__Htext75                                       text75        00000
__Htext76                                       text76        00000
__Htext77                                       text77        00000
__Htext78                                       text78        00000
__Htext79                                       text79        00000
__Htext8                                        text8         00000
__Htext80                                       text80        00000
__Htext81                                       text81        00000
__Htext82                                       text82        00000
__Htext83                                       text83        00000
__Htext84                                       text84        00000
__Htext85                                       text85        00000
__Htext86                                       text86        00000
__Htext87                                       text87        00000
__Htext88                                       text88        00000
__Htext89                                       text89        00000
__Htext9                                        text9         00000
__Htext90                                       text90        00000
__Htext91                                       text91        00000
__Htext92                                       text92        00000
__Htext93                                       text93        00000
__Htext94                                       text94        00000
__Htext95                                       text95        00000
__Htext96                                       text96        00000
__Htext97                                       text97        00000
__Htext98                                       text98        00000
__Htext99                                       text99        00000
__LRAM                                          (abs)         00001
__Labs1                                         abs1          00000
__Lbank0                                        bank0         00000
__Lbank1                                        bank1         00000
__Lbank10                                       bank10        00000
__Lbank11                                       bank11        00000
__Lbank12                                       bank12        00000
__Lbank13                                       bank13        00000
__Lbank14                                       bank14        00000
__Lbank2                                        bank2         00000
__Lbank3                                        bank3         00000
__Lbank4                                        bank4         00000
__Lbank5                                        bank5         00000
__Lbank6                                        bank6         00000
__Lbank7                                        bank7         00000
__Lbank8                                        bank8         00000
__Lbank9                                        bank9         00000
__Lbigbss                                       bigbss        00000
__Lbigdata                                      bigdata       00000
__Lbigram                                       bigram        00000
__Lbigsfr                                       bigsfr        00000
__Lbss                                          bss           00000
__LbssBANK0                                     bssBANK0      00000
__LbssBANK2                                     bssBANK2      00000
__LbssBANK3                                     bssBANK3      00000
__LbssBANK4                                     bssBANK4      00000
__Lcinit                                        cinit         00000
__Lclrtext                                      clrtext       00000
__Lcomram                                       comram        00000
__Lconfig                                       config        00000
__Lconst                                        const         00000
__LcstackBANK0                                  cstackBANK0   00000
__LcstackBANK1                                  cstackBANK1   00000
__LcstackCOMRAM                                 cstackCOMRAM  00000
__Ldata                                         data          00000
__LdataBANK2                                    dataBANK2     00000
__LdataBANK3                                    dataBANK3     00000
__Lfarbss                                       farbss        00000
__Lfardata                                      fardata       00000
__Lheap                                         heap          00000
__Libigdata                                     ibigdata      00000
__Lidata                                        idata         00000
__LidataBANK2                                   idataBANK2    00000
__LidataBANK3                                   idataBANK3    00000
__Lidloc                                        idloc         00000
__Lifardata                                     ifardata      00000
__Linit                                         init          00000
__Lintcode                                      intcode       00000
__Lintcode_body                                 intcode_body  00000
__Lintcodelo                                    intcodelo     00000
__Lintentry                                     intentry      00000
__Lintret                                       intret        00000
__Lintsave_regs                                 intsave_regs  00000
__Lirdata                                       irdata        00000
__Ljflash_buffer                                jflash_buffer 0F800
__Lmediumconst                                  mediumconst   0FCBC
__LnvBANK0                                      nvBANK0       00000
__LnvBANK2                                      nvBANK2       00000
__LnvFARRAM                                     nvFARRAM      00000
__Lnvbit                                        nvbit         00000
__Lnvrram                                       nvrram        00000
__Lparam                                        rparam        00000
__Lpowerup                                      powerup       00000
__Lram                                          ram           00000
__Lramtop                                       ramtop        00F00
__Lrbit                                         rbit          00000
__Lrbss                                         rbss          00000
__Lrdata                                        rdata         00000
__Lreset_vec                                    reset_vec     00000
__Lrparam                                       rparam        00000
__Lsfr                                          sfr           00000
__Lsmallconst                                   smallconst    00000
__Lspace_0                                      (abs)         00000
__Lspace_1                                      (abs)         00000
__Lspace_2                                      (abs)         00000
__Lspace_4                                      (abs)         00000
__Lstack                                        stack         00000
__Lstruct                                       struct        00000
__Ltemp                                         temp          00000
__Ltext                                         text          00000
__Ltext0                                        text0         00000
__Ltext1                                        text1         00000
__Ltext10                                       text10        00000
__Ltext100                                      text100       00000
__Ltext101                                      text101       00000
__Ltext102                                      text102       00000
__Ltext103                                      text103       00000
__Ltext104                                      text104       00000
__Ltext105                                      text105       00000
__Ltext106                                      text106       00000
__Ltext107                                      text107       00000
__Ltext108                                      text108       00000
__Ltext109                                      text109       00000
__Ltext11                                       text11        00000
__Ltext110                                      text110       00000
__Ltext111                                      text111       00000
__Ltext112                                      text112       00000
__Ltext113                                      text113       00000
__Ltext114                                      text114       00000
__Ltext115                                      text115       00000
__Ltext116                                      text116       00000
__Ltext117                                      text117       00000
__Ltext118                                      text118       00000
__Ltext119                                      text119       00000
__Ltext12                                       text12        00000
__Ltext120                                      text120       00000
__Ltext121                                      text121       00000
__Ltext122                                      text122       00000
__Ltext123                                      text123       00000
__Ltext124                                      text124       00000
__Ltext125                                      text125       00000
__Ltext126                                      text126       00000
__Ltext127                                      text127       00000
__Ltext128                                      text128       00000
__Ltext13                                       text13        00000
__Ltext14                                       text14        00000
__Ltext15                                       text15        00000
__Ltext16                                       text16        00000
__Ltext17                                       text17        00000
__Ltext18                                       text18        00000
__Ltext19                                       text19        00000
__Ltext2                                        text2         00000
__Ltext20                                       text20        00000
__Ltext21                                       text21        00000
__Ltext22                                       text22        00000
__Ltext23                                       text23        00000
__Ltext24                                       text24        00000
__Ltext25                                       text25        00000
__Ltext26                                       text26        00000
__Ltext27                                       text27        00000
__Ltext28                                       text28        00000
__Ltext29                                       text29        00000
__Ltext3                                        text3         00000
__Ltext30                                       text30        00000
__Ltext31                                       text31        00000
__Ltext32                                       text32        00000
__Ltext33                                       text33        00000
__Ltext34                                       text34        00000
__Ltext35                                       text35        00000
__Ltext36                                       text36        00000
__Ltext37                                       text37        00000
__Ltext38                                       text38        00000
__Ltext39                                       text39        00000
__Ltext4                                        text4         00000
__Ltext40                                       text40        00000
__Ltext41                                       text41        00000
__Ltext42                                       text42        00000
__Ltext43                                       text43        00000
__Ltext44                                       text44        00000
__Ltext45                                       text45        00000
__Ltext46                                       text46        00000
__Ltext47                                       text47        00000
[...]
pcf857x_interface_debug_print@str               cstackBANK1   00100
pcf857x_interface_delay_ms@u32Ms                cstackCOMRAM  00001
pcf857x_interface_i2c_read@pBuf                 cstackCOMRAM  0001B
pcf857x_interface_i2c_read@u16Reg               cstackCOMRAM  00019
pcf857x_interface_i2c_read@u8Addr               cstackCOMRAM  0001E
pcf857x_interface_i2c_read@u8Length             cstackCOMRAM  0001D
pcf857x_interface_i2c_write@pBuf                cstackCOMRAM  0001B
pcf857x_interface_i2c_write@u16Reg              cstackCOMRAM  00019
pcf857x_interface_i2c_write@u8Addr              cstackCOMRAM  0001E
pcf857x_interface_i2c_write@u8Length            cstackCOMRAM  0001D
pcf857x_pin_read@formated_data                  cstackCOMRAM  0003B
pcf857x_pin_read@logic_level                    cstackCOMRAM  00036
pcf857x_pin_read@pHandle                        cstackCOMRAM  00033
pcf857x_pin_read@pin                            cstackCOMRAM  00035
pcf857x_pin_read@status                         cstackCOMRAM  0003D
pcf857x_pin_write@formated_data                 cstackCOMRAM  00031
pcf857x_pin_write@logic_level                   cstackCOMRAM  00029
pcf857x_pin_write@pHandle                       cstackCOMRAM  00026
pcf857x_pin_write@pin                           cstackCOMRAM  00028
pcf857x_pin_write@status                        cstackCOMRAM  0002F
pcf857x_set_addr_pin@addr_pin                   cstackCOMRAM  00003
pcf857x_set_addr_pin@default_address            cstackCOMRAM  00005
pcf857x_set_addr_pin@pHandle                    cstackCOMRAM  00001
pcf857x_set_variant@pHandle                     cstackCOMRAM  00005
pcf857x_set_variant@variant                     cstackCOMRAM  00007
print@buf                                       cstackCOMRAM  00002
print@index                                     cstackCOMRAM  00008
print@length                                    cstackCOMRAM  00004
rd1RegCompleteHandler@ptr                       cstackCOMRAM  0000A
rd2RegCompleteHandler@ptr                       cstackCOMRAM  0000A
rdBlkRegCompleteHandler@ptr                     cstackCOMRAM  0000A
stackhi                                         (abs)         00000
stacklo                                         (abs)         00000
start                                           init          00000
start_initialization                            cinit         07FC4
stoa@F1207                                      dataBANK2     002DE
stoa@cp                                         cstackCOMRAM  0001A
stoa@fp                                         cstackCOMRAM  0000A
stoa@i                                          cstackCOMRAM  00016
stoa@l                                          cstackCOMRAM  0001E
stoa@nuls                                       cstackCOMRAM  0000F
stoa@p                                          cstackCOMRAM  0001C
stoa@s                                          cstackCOMRAM  0000C
stoa@w                                          cstackCOMRAM  00018
strcpy@d                                        cstackCOMRAM  00009
strcpy@dest                                     cstackCOMRAM  00001
strcpy@s                                        cstackCOMRAM  00007
strcpy@src                                      cstackCOMRAM  00003
strlen@a                                        cstackCOMRAM  00003
strlen@s                                        cstackCOMRAM  00001
strncmp@_l                                      cstackCOMRAM  00001
strncmp@_r                                      cstackCOMRAM  00003
strncmp@l                                       cstackCOMRAM  00008
strncmp@n                                       cstackCOMRAM  00005
strncmp@r                                       cstackCOMRAM  0000A
strncpy@cp                                      cstackCOMRAM  00007
strncpy@d                                       cstackCOMRAM  00001
strncpy@n                                       cstackCOMRAM  00005
strncpy@s                                       cstackCOMRAM  00003
tolower@c                                       cstackCOMRAM  00007
toupper@c                                       cstackCOMRAM  00007
utoa@d                                          cstackCOMRAM  0001E
utoa@fp                                         cstackCOMRAM  0001C
utoa@i                                          cstackCOMRAM  0003A
utoa@n                                          cstackCOMRAM  00032
utoa@p                                          cstackCOMRAM  0002E
utoa@w                                          cstackCOMRAM  00030
vfpfcnvrt@ap                                    cstackCOMRAM  0004A
vfpfcnvrt@c                                     cstackBANK0   000A9
vfpfcnvrt@cp                                    cstackBANK0   00092
vfpfcnvrt@ct                                    cstackBANK0   00098
vfpfcnvrt@done                                  cstackBANK0   00094
vfpfcnvrt@f                                     cstackBANK0   000A5
vfpfcnvrt@fmt                                   cstackCOMRAM  00048
vfpfcnvrt@fp                                    cstackCOMRAM  00046
vfpfcnvrt@ll                                    cstackBANK0   0009B
vfpfcnvrt@llu                                   cstackBANK0   000AA
vfpfcnvrt@vp                                    cstackBANK0   000A3
vfprintf@ap                                     cstackBANK0   000B6
vfprintf@cfmt                                   cstackCOMRAM  0005A
vfprintf@fmt                                    cstackBANK0   000B4
vfprintf@fp                                     cstackBANK0   000B2
vsnprintf@ap                                    cstackBANK0   000BE
vsnprintf@cnt                                   cstackBANK0   000C7
vsnprintf@f                                     cstackBANK0   000C9
vsnprintf@fmt                                   cstackBANK0   000BC
vsnprintf@n                                     cstackBANK0   000BA
vsnprintf@s                                     cstackBANK0   000B8
wr1RegCompleteHandler@ptr                       cstackCOMRAM  0000A
wr2RegCompleteHandler@ptr                       cstackCOMRAM  0000A
xtoa@c                                          cstackCOMRAM  0003D
xtoa@d                                          cstackCOMRAM  0001E
xtoa@fp                                         cstackCOMRAM  0001C
xtoa@i                                          cstackCOMRAM  0003B
xtoa@n                                          cstackCOMRAM  00033
xtoa@p                                          cstackCOMRAM  0002F
xtoa@w                                          cstackCOMRAM  00031
xtoa@x                                          cstackCOMRAM  00026


MODULE INFORMATION

Module		Function		Class		Link	Load	Size
pcf857x_driver_interface.c
		_pcf857x_interface_i2c_init		CODE           	73EC	0000	4
		_pcf857x_interface_i2c_read		CODE           	755A	0000	24
		_pcf857x_interface_debug_print		CODE           	7EDE	0000	108
		_pcf857x_interface_delay_ms		CODE           	7772	0000	52
		_pcf857x_interface_i2c_write		CODE           	75A2	0000	24

pcf857x_driver_interface.c estimated size: 212

mcc_generated_files/examples/i2c2_master_example.c
		_wr1RegCompleteHandler		CODE           	7712	0000	44
		_wr2RegCompleteHandler		CODE           	768E	0000	44
		_I2C2_ReadNBytes		CODE           	7AC8	0000	70
		_rdBlkRegCompleteHandler		CODE           	7938	0000	64
		_rd1RegCompleteHandler		CODE           	76BA	0000	44
		_rd2RegCompleteHandler		CODE           	76E6	0000	44
		_I2C2_WriteNBytes		CODE           	7C34	0000	90

mcc_generated_files/examples/i2c2_master_example.c estimated size: 400

C:\Program Files\Microchip\xc8\v2.36\pic\sources\c99\common\putch.c
		_putch         		CODE           	73BE	0000	2

C:\Program Files\Microchip\xc8\v2.36\pic\sources\c99\common\putch.c estimated size: 2

C:\Program Files\Microchip\xc8\v2.36\pic\sources\c99\common\lomod.c
		___lomod       		CODE           	893A	0000	208

C:\Program Files\Microchip\xc8\v2.36\pic\sources\c99\common\lomod.c estimated size: 208

C:\Program Files\Microchip\xc8\v2.36\pic\sources\c99\common\nf_fputs.c
		_fputs         		CODE           	7A40	0000	68

C:\Program Files\Microchip\xc8\v2.36\pic\sources\c99\common\nf_fputs.c estimated size: 68

C:\Program Files\Microchip\xc8\v2.36\pic\sources\c99\common\aomod.c
		___aomod       		CODE           	949E	0000	356

C:\Program Files\Microchip\xc8\v2.36\pic\sources\c99\common\aomod.c estimated size: 356

C:\Program Files\Microchip\xc8\v2.36\pic\sources\c99\common\islower.c
		_islower       		CODE           	784C	0000	56

C:\Program Files\Microchip\xc8\v2.36\pic\sources\c99\common\islower.c estimated size: 56

C:\Program Files\Microchip\xc8\v2.36\pic\sources\c99\common\strncmp.c
		_strncmp       		CODE           	8FE6	0000	282

C:\Program Files\Microchip\xc8\v2.36\pic\sources\c99\common\strncmp.c estimated size: 282

C:\Program Files\Microchip\xc8\v2.36\pic\sources\c99\common\tolower.c
		_tolower       		CODE           	7B54	0000	70

C:\Program Files\Microchip\xc8\v2.36\pic\sources\c99\common\tolower.c estimated size: 70

C:\Program Files\Microchip\xc8\v2.36\pic\sources\c99\common\__fpclassifyf.c
		___fpclassifyf 		CODE           	8BD2	0000	254

C:\Program Files\Microchip\xc8\v2.36\pic\sources\c99\common\__fpclassifyf.c estimated size: 254

C:\Program Files\Microchip\xc8\v2.36\pic\sources\c99\common\sprcmul.c
		___flmul       		CODE           	B06E	0000	1066

C:\Program Files\Microchip\xc8\v2.36\pic\sources\c99\common\sprcmul.c estimated size: 1066

C:\Program Files\Microchip\xc8\v2.36\pic\sources\c99\common\strncpy.c
		_strncpy       		CODE           	81C2	0000	134

C:\Program Files\Microchip\xc8\v2.36\pic\sources\c99\common\strncpy.c estimated size: 134

C:\Program Files\Microchip\xc8\v2.36\pic\sources\c99\common\floorf.c
		_floorf        		CODE           	A02E	0000	530

C:\Program Files\Microchip\xc8\v2.36\pic\sources\c99\common\floorf.c estimated size: 530

C:\Program Files\Microchip\xc8\v2.36\pic\sources\c99\common\sprcdiv.c
		___fldiv       		CODE           	ACD4	0000	922

C:\Program Files\Microchip\xc8\v2.36\pic\sources\c99\common\sprcdiv.c estimated size: 922

C:\Program Files\Microchip\xc8\v2.36\pic\sources\c99\common\atoi.c
		_atoi          		CODE           	9348	0000	342

C:\Program Files\Microchip\xc8\v2.36\pic\sources\c99\common\atoi.c estimated size: 342

C:\Program Files\Microchip\xc8\v2.36\pic\sources\c99\common\fleq.c
		___fleq        		CODE           	84C4	0000	170

C:\Program Files\Microchip\xc8\v2.36\pic\sources\c99\common\fleq.c estimated size: 170

C:\Program Files\Microchip\xc8\v2.36\pic\sources\c99\common\toupper.c
		_toupper       		CODE           	7A84	0000	68

C:\Program Files\Microchip\xc8\v2.36\pic\sources\c99\common\toupper.c estimated size: 68

C:\Program Files\Microchip\xc8\v2.36\pic\sources\c99\common\awmod.c
		___awmod       		CODE           	856E	0000	176

C:\Program Files\Microchip\xc8\v2.36\pic\sources\c99\common\awmod.c estimated size: 176

C:\Program Files\Microchip\xc8\v2.36\pic\sources\c99\common\isalpha.c
		_isalpha       		CODE           	78BC	0000	60

C:\Program Files\Microchip\xc8\v2.36\pic\sources\c99\common\isalpha.c estimated size: 60

C:\Program Files\Microchip\xc8\v2.36\pic\sources\c99\common\isspace.c
		_isspace       		CODE           	7BE2	0000	82

C:\Program Files\Microchip\xc8\v2.36\pic\sources\c99\common\isspace.c estimated size: 82

C:\Program Files\Microchip\xc8\v2.36\pic\sources\c99\common\xxtofl.c
		___xxtofl      		CODE           	9A86	0000	436

C:\Program Files\Microchip\xc8\v2.36\pic\sources\c99\common\xxtofl.c estimated size: 436

mcc_generated_files/pin_manager.c
		_PIN_MANAGER_Initialize		CODE           	79B8	0000	68

mcc_generated_files/pin_manager.c estimated size: 68

pcf857x_driver.c
		_a_pcf857x_i2c_read		CODE           	7D4A	0000	98
		_a_pcf857x_print_error_msg		CODE           	73BC	0000	2
		_pcf857x_info  		CODE           	921E	0000	298
		_pcf857x_init  		CODE           	8376	0000	166
		_pcf857x_pin_read		CODE           	A4B8	0000	658
		_pcf857x_pin_write		CODE           	B498	0000	1168
		_pcf857x_set_variant		CODE           	82D6	0000	160
		_pcf857x_set_addr_pin		CODE           	813C	0000	134
		_a_pcf857x_i2c_write		CODE           	7CEA	0000	96

pcf857x_driver.c estimated size: 2780

C:\Program Files\Microchip\xc8\v2.36\pic\sources\c99\common\strlen.c
		_strlen        		CODE           	77A6	0000	54

C:\Program Files\Microchip\xc8\v2.36\pic\sources\c99\common\strlen.c estimated size: 54

C:\Program Files\Microchip\xc8\v2.36\pic\sources\c99\common\lodiv.c
		___lodiv       		CODE           	8AE2	0000	240

C:\Program Files\Microchip\xc8\v2.36\pic\sources\c99\common\lodiv.c estimated size: 240

C:\Program Files\Microchip\xc8\v2.36\pic\sources\c99\common\strcpy.c
		_strcpy        		CODE           	7C8E	0000	92

C:\Program Files\Microchip\xc8\v2.36\pic\sources\c99\common\strcpy.c estimated size: 92

C:\Program Files\Microchip\xc8\v2.36\pic\sources\c99\common\aodiv.c
		___aodiv       		CODE           	98FE	0000	392

C:\Program Files\Microchip\xc8\v2.36\pic\sources\c99\common\aodiv.c estimated size: 392

C:\Program Files\Microchip\xc8\v2.36\pic\sources\c99\common\memset.c
		_memset        		CODE           	9602	0000	374

C:\Program Files\Microchip\xc8\v2.36\pic\sources\c99\common\memset.c estimated size: 374

C:\Program Files\Microchip\xc8\v2.36\pic\sources\c99\common\isdigit.c
		_isdigit       		CODE           	7884	0000	56

C:\Program Files\Microchip\xc8\v2.36\pic\sources\c99\common\isdigit.c estimated size: 56

C:\Program Files\Microchip\xc8\v2.36\pic\sources\c99\common\nf_fputc.c
		_fputc         		CODE           	8870	0000	202

C:\Program Files\Microchip\xc8\v2.36\pic\sources\c99\common\nf_fputc.c estimated size: 202

C:\Program Files\Microchip\xc8\v2.36\pic\sources\c99\common\sprcadd.c
		___flsub       		CODE           	7B0E	0000	70
		___fladd       		CODE           	B928	0000	1216

C:\Program Files\Microchip\xc8\v2.36\pic\sources\c99\common\sprcadd.c estimated size: 1286

C:\Program Files\Microchip\xc8\v2.36\pic\sources\c99\common\nf_vsnprintf.c
		_vsnprintf     		CODE           	8EDA	0000	268

C:\Program Files\Microchip\xc8\v2.36\pic\sources\c99\common\nf_vsnprintf.c estimated size: 268

C:\Program Files\Microchip\xc8\v2.36\pic\sources\c99\common\awdiv.c
		___awdiv       		CODE           	861E	0000	196

C:\Program Files\Microchip\xc8\v2.36\pic\sources\c99\common\awdiv.c estimated size: 196

mcc_generated_files/i2c2_master.c
		_I2C2_DO_SEND_ADR_READ		CODE           	7496	0000	16
		_I2C2_DO_RX_NACK_STOP		CODE           	7434	0000	8
		_I2C2_DO_SEND_RESTART		CODE           	741C	0000	8
		_I2C2_DO_TX_EMPTY		CODE           	803E	0000	126
		_I2C2_DO_SEND_RESTART_READ		CODE           	740C	0000	8
		_I2C2_CallbackReturnStop		CODE           	73D8	0000	4
		_I2C2_MasterRead		CODE           	7444	0000	8
		_I2C2_DO_RX    		CODE           	841C	0000	168
		_I2C2_DO_TX    		CODE           	87A8	0000	200
		_I2C2_SetAddressNackCallback		CODE           	7572	0000	24
		_I2C2_DO_IDLE  		CODE           	7472	0000	12
		_I2C2_MasterOpen		CODE           	75F6	0000	34
		_I2C2_DO_RCEN  		CODE           	747E	0000	12
		_I2C2_MasterSendTxData		CODE           	7404	0000	8
		_I2C2_MasterStop		CODE           	73D4	0000	4
		_I2C2_CallbackReturnReset		CODE           	73DC	0000	4
		_I2C2_DO_RESET 		CODE           	748A	0000	12
		_I2C2_MasterStartRx		CODE           	73E0	0000	4
		_I2C2_Poller   		CODE           	75BA	0000	30
		_I2C2_DO_RX_ACK		CODE           	742C	0000	8
		_I2C2_MasterWaitForEvent		CODE           	74B6	0000	16
		_I2C2_MasterSendNack		CODE           	73F0	0000	6
		_I2C2_DO_RX_NACK_RESTART		CODE           	743C	0000	8
		_I2C2_MasterDisableIrq		CODE           	73C8	0000	4
		_I2C2_MasterOperation		CODE           	79FC	0000	68
		_I2C2_SetCallback		CODE           	7F4A	0000	122
		_I2C2_MasterEnableRestart		CODE           	73D0	0000	4
		_I2C2_Open     		CODE           	8248	0000	142
		_I2C2_DO_ADDRESS_NACK		CODE           	7E72	0000	108
		_I2C2_SetBuffer		CODE           	7618	0000	36
		_I2C2_DO_SEND_RESTART_WRITE		CODE           	7414	0000	8
		_I2C2_MasterClose		CODE           	73C4	0000	4
		_I2C2_MasterWrite		CODE           	744C	0000	8
		_I2C2_Initialize		CODE           	74D8	0000	20
		_I2C2_Close    		CODE           	7662	0000	44
		_I2C2_MasterIsNack		CODE           	7500	0000	20
		_I2C2_MasterStart		CODE           	73CC	0000	4
		_I2C2_DO_SEND_ADR_WRITE		CODE           	74A6	0000	16
		_I2C2_MasterClearIrq		CODE           	73C0	0000	4
		_I2C2_SetDataCompleteCallback		CODE           	752A	0000	24
		_I2C2_DO_SEND_STOP		CODE           	7424	0000	8
		_I2C2_MasterSendAck		CODE           	73F6	0000	6
		_I2C2_MasterFsm		CODE           	7E0E	0000	100
		_I2C2_MasterGetRxData		CODE           	73E4	0000	4
		_I2C2_MasterSetIrq		CODE           	73E8	0000	4

mcc_generated_files/i2c2_master.c estimated size: 1486

C:\Program Files\Microchip\xc8\v2.36\pic\sources\c99\common\doprnt.c
		_vfpfcnvrt     		CODE           	D4D8	0000	10212
		_efgtoa        		CODE           	C8CA	0000	3086
		_pad           		CODE           	86E2	0000	198
		_atoa          		CODE           	BDE8	0000	2786
		_ctoa          		CODE           	8A0A	0000	216
		_dtoa          		CODE           	A9F0	0000	740
		_vfprintf      		CODE           	7DAC	0000	98
		_otoa          		CODE           	9C3A	0000	496
		_stoa          		CODE           	9778	0000	390
		_utoa          		CODE           	9E2A	0000	516
		_xtoa          		CODE           	A74A	0000	678

C:\Program Files\Microchip\xc8\v2.36\pic\sources\c99\common\doprnt.c estimated size: 19416

C:\Program Files\Microchip\xc8\v2.36\pic\sources\c99\common\fltol.c
		___fltol       		CODE           	8DD4	0000	262

C:\Program Files\Microchip\xc8\v2.36\pic\sources\c99\common\fltol.c estimated size: 262

shared
		__initialization		CODE           	7FC4	0000	112
		_i2c2_fsmStateTable		MEDIUMCONST    	FCBD	0000	32

shared estimated size: 144

mcc_generated_files/eusart1.c
		_EUSART1_Initialize		CODE           	78F8	0000	64
		_EUSART1_SetFramingErrorHandler		CODE           	745E	0000	10
		_EUSART1_SetOverrunErrorHandler		CODE           	7468	0000	10
		_EUSART1_SetErrorHandler		CODE           	7454	0000	10
		_EUSART1_Write 		CODE           	7514	0000	22

mcc_generated_files/eusart1.c estimated size: 116

mcc_generated_files/mcc.c
		_OSCILLATOR_Initialize		CODE           	74EC	0000	20
		_SYSTEM_Initialize		CODE           	74C6	0000	18

mcc_generated_files/mcc.c estimated size: 38

C:\Program Files\Microchip\xc8\v2.36\pic\sources\c99\common\abs.c
		_abs           		CODE           	7978	0000	64

C:\Program Files\Microchip\xc8\v2.36\pic\sources\c99\common\abs.c estimated size: 64

C:\Program Files\Microchip\xc8\v2.36\pic\sources\c99\common\flge.c
		___flge        		CODE           	8CD0	0000	260

C:\Program Files\Microchip\xc8\v2.36\pic\sources\c99\common\flge.c estimated size: 260

main.c
		_main          		CODE           	A240	0000	632
		_i2c_write     		CODE           	758A	0000	24
		_print         		CODE           	7B9A	0000	72
		_i2c_read      		CODE           	7542	0000	24

main.c estimated size: 752

pcf857x_driver_basic.c
		_pcf857x_basic_gpio_read		CODE           	75D8	0000	30
		_pcf857x_basic_initialize		CODE           	9100	0000	286
		_pcf857x_basic_gpio_write		CODE           	773E	0000	52

pcf857x_driver_basic.c estimated size: 368

C:\Program Files\Microchip\xc8\v2.36\pic\sources\c99\common\Umul16.c
		___wmul        		CODE           	763C	0000	38

C:\Program Files\Microchip\xc8\v2.36\pic\sources\c99\common\Umul16.c estimated size: 38

C:\Program Files\Microchip\xc8\v2.36\pic\sources\c99\common\flneg.c
		___flneg       		CODE           	77DC	0000	56

C:\Program Files\Microchip\xc8\v2.36\pic\sources\c99\common\flneg.c estimated size: 56

C:\Program Files\Microchip\xc8\v2.36\pic\sources\c99\common\isupper.c
		_isupper       		CODE           	7814	0000	56

C:\Program Files\Microchip\xc8\v2.36\pic\sources\c99\common\isupper.c estimated size: 56

